
> lenny-growth-assistant-frontend@1.0.0 dev
> next dev --hostname 127.0.0.1 --port 3000

  ▲ Next.js 14.2.35
  - Local:        http://127.0.0.1:3000
  - Network:      http://127.0.0.1:3000
  - Environments: .env.local

 ✓ Starting...
 ✓ Ready in 14s
 ○ Compiling / ...
 ✓ Compiled / in 28s (1069 modules)
 GET / 200 in 29047ms
 ✓ Compiled in 1278ms (538 modules)
 GET / 200 in 128ms
   Reload env: .env.local
 ✓ Compiled in 4.6s (1055 modules)
 GET / 200 in 1461ms
 GET / 200 in 123ms
 ○ Compiling /_not-found ...
 ✓ Compiled /_not-found in 2.1s (1058 modules)
 GET /_next/static/css/app/layout.css?v=1789294459906 404 in 2517ms
 GET /_next/static/chunks/main-app.js?v=1789294459906 404 in 2309ms
 GET /_next/static/chunks/app-pages-internals.js 404 in 2262ms
 GET / 200 in 1431ms
 GET /_next/static/css/app/layout.css?v=1789294468895 404 in 356ms
 GET /_next/static/chunks/main-app.js?v=1789294468895 404 in 135ms
 GET /_next/static/chunks/app-pages-internals.js 404 in 136ms
[?25h
